[INFO] [launch]: All log files can be found below /home/lfzyzl/.ros/log/2026-09-07-17-30-13-843218-lfzyzl-Legion-R9000P-ARX8-15022
[INFO] [launch]: Default logging verbosity is set to INFO
/home/lfzyzl/Project/rb2301/rb2301_ca1/src
Generating new obstacle world...
[INFO] [robot_state_publisher-1]: process started with pid [15047]
[INFO] [gazebo-2]: process started with pid [15048]
[INFO] [create-3]: process started with pid [15049]
[INFO] [parameter_bridge-4]: process started with pid [15050]
[robot_state_publisher-1] [INFO] [1788773414.194175675] [robot_state_publisher]: Robot initialized
[create-3] [INFO] [1788773414.209006415] [ros_gz_sim]: Requesting list of world names.
[parameter_bridge-4] [INFO] [1788773414.209027786] [ros_gz_bridge]: Creating GZ->ROS Bridge: [/cmd_vel (gz.msgs.Twist) -> /cmd_vel (geometry_msgs/msg/Twist)] (Lazy 0)
[parameter_bridge-4] [INFO] [1788773414.211090151] [ros_gz_bridge]: Creating ROS->GZ Bridge: [/cmd_vel (geometry_msgs/msg/Twist) -> /cmd_vel (gz.msgs.Twist)] (Lazy 0)
[parameter_bridge-4] [INFO] [1788773414.211768107] [ros_gz_bridge]: Creating GZ->ROS Bridge: [/odom (gz.msgs.Odometry) -> /odom (nav_msgs/msg/Odometry)] (Lazy 0)
[parameter_bridge-4] [INFO] [1788773414.214096430] [ros_gz_bridge]: Creating ROS->GZ Bridge: [/odom (nav_msgs/msg/Odometry) -> /odom (gz.msgs.Odometry)] (Lazy 0)
[parameter_bridge-4] [INFO] [1788773414.214761326] [ros_gz_bridge]: Creating GZ->ROS Bridge: [/joint_states (gz.msgs.Model) -> /joint_states (sensor_msgs/msg/JointState)] (Lazy 0)
[parameter_bridge-4] [INFO] [1788773414.216367762] [ros_gz_bridge]: Creating ROS->GZ Bridge: [/joint_states (sensor_msgs/msg/JointState) -> /joint_states (gz.msgs.Model)] (Lazy 0)
[parameter_bridge-4] [INFO] [1788773414.217404287] [ros_gz_bridge]: Creating GZ->ROS Bridge: [/tf (gz.msgs.Pose_V) -> /tf (tf2_msgs/msg/TFMessage)] (Lazy 0)
[parameter_bridge-4] [INFO] [1788773414.218825502] [ros_gz_bridge]: Creating ROS->GZ Bridge: [/tf (tf2_msgs/msg/TFMessage) -> /tf (gz.msgs.Pose_V)] (Lazy 0)
[parameter_bridge-4] [INFO] [1788773414.219254122] [ros_gz_bridge]: Creating GZ->ROS Bridge: [/scan (gz.msgs.LaserScan) -> /scan (sensor_msgs/msg/LaserScan)] (Lazy 0)
[parameter_bridge-4] [INFO] [1788773414.219791975] [ros_gz_bridge]: Creating ROS->GZ Bridge: [/scan (sensor_msgs/msg/LaserScan) -> /scan (gz.msgs.LaserScan)] (Lazy 0)
[parameter_bridge-4] [INFO] [1788773414.220596974] [ros_gz_bridge]: Creating GZ->ROS Bridge: [/imu (gz.msgs.IMU) -> /imu (sensor_msgs/msg/Imu)] (Lazy 0)
[parameter_bridge-4] [INFO] [1788773414.221029157] [ros_gz_bridge]: Creating ROS->GZ Bridge: [/imu (sensor_msgs/msg/Imu) -> /imu (gz.msgs.IMU)] (Lazy 0)
[parameter_bridge-4] [INFO] [1788773414.221577696] [ros_gz_bridge]: Creating GZ->ROS Bridge: [/world/empty/dynamic_pose/info (gz.msgs.Pose_V) -> /world/empty/dynamic_pose/info (tf2_msgs/msg/TFMessage)] (Lazy 0)
[parameter_bridge-4] [INFO] [1788773414.221913706] [ros_gz_bridge]: Creating ROS->GZ Bridge: [/world/empty/dynamic_pose/info (tf2_msgs/msg/TFMessage) -> /world/empty/dynamic_pose/info (gz.msgs.Pose_V)] (Lazy 0)
[gazebo-2] Gtk-Message: 17:30:14.429: Failed to load module "xapp-gtk3-module"
[gazebo-2] gz sim gui: symbol lookup error: /snap/core20/current/lib/x86_64-linux-gnu/libpthread.so.0: undefined symbol: __libc_pthread_init, version GLIBC_PRIVATE
[create-3] [INFO] [1788773415.126299110] [ros_gz_sim]: Waiting messages on topic [robot_description].
[create-3] [INFO] [1788773415.141597651] [ros_gz_sim]: Entity creation successful.
[INFO] [create-3]: process has finished cleanly [pid 15049]
[gazebo-2] libEGL warning: pci id for fd 67: 10de:2860, driver (null)
[gazebo-2] 
[gazebo-2] pci id for fd 68: 10de:2860, driver (null)
[gazebo-2] pci id for fd 69: 10de:2860, driver (null)
[gazebo-2] libEGL warning: egl: failed to create dri2 screen
[gazebo-2] libEGL warning: pci id for fd 67: 10de:2860, driver (null)
[gazebo-2] 
[gazebo-2] pci id for fd 68: 10de:2860, driver (null)
[gazebo-2] pci id for fd 69: 10de:2860, driver (null)
[gazebo-2] libEGL warning: egl: failed to create dri2 screen
[gazebo-2] libEGL warning: pci id for fd 67: 10de:2860, driver (null)
[gazebo-2] 
[parameter_bridge-4] [INFO] [1788773417.634739821] [ros_gz_bridge]: Passing message from ROS geometry_msgs/msg/Twist to Gazebo gz.msgs.Twist (showing msg only once per type)
[parameter_bridge-4] [INFO] [1788773419.395455273] [rclcpp]: signal_handler(SIGINT/SIGTERM)
[robot_state_publisher-1] [INFO] [1788773419.395470708] [rclcpp]: signal_handler(SIGINT/SIGTERM)
[gazebo-2] /opt/ros/jazzy/opt/gz_sim_vendor/lib/ruby/gz/cmdsim8.rb:201:in `kill': No such process (Errno::ESRCH)
[gazebo-2] 	from /opt/ros/jazzy/opt/gz_sim_vendor/lib/ruby/gz/cmdsim8.rb:201:in `killProcess'
[gazebo-2] 	from /opt/ros/jazzy/opt/gz_sim_vendor/lib/ruby/gz/cmdsim8.rb:569:in `handle_signal'
[gazebo-2] 	from /opt/ros/jazzy/opt/gz_sim_vendor/lib/ruby/gz/cmdsim8.rb:574:in `block in execute'
[gazebo-2] 	from /opt/ros/jazzy/opt/gz_sim_vendor/lib/ruby/gz/cmdsim8.rb:217:in `sleep'
[gazebo-2] 	from /opt/ros/jazzy/opt/gz_sim_vendor/lib/ruby/gz/cmdsim8.rb:217:in `killProcess'
[gazebo-2] 	from /opt/ros/jazzy/opt/gz_sim_vendor/lib/ruby/gz/cmdsim8.rb:589:in `execute'
[gazebo-2] 	from /opt/ros/jazzy/opt/gz_tools_vendor/bin/gz:316:in `<main>'
[ERROR] [gazebo-2]: process has died [pid 15048, exit code 1, cmd 'ruby /opt/ros/jazzy/opt/gz_tools_vendor/bin/gz sim /home/lfzyzl/Project/rb2301/rb2301_ca1/install/rb2301_gz/share/rb2301_gz/worlds/obstacle_world_ca1.sdf -r -v -v1 --force-version 8'].
[INFO] [parameter_bridge-4]: process has finished cleanly [pid 15050]
[INFO] [robot_state_publisher-1]: process has finished cleanly [pid 15047]
